Γû▓ Next.js 16.3.1 (webpack)
- Environments: .env
node : ΓÜá Attempted to load @next/swc-win32-x64-msvc, but an error occurred: 
\\?\E:\luxury-pyramids-hotel\node_modules\@next\swc-win32-x64-msvc\next-swc.win32-x64-msvc.node is not a valid Win32 
application.
At line:1 char:1
+ node node_modules/next/dist/bin/next build --webpack 2>&1 | Out-File  ...
+ ~~~~~~~~~~~~~~~~~~~~~~~~~~~~~~~~~~~~~~~~~~~~~~~~~~~~~~~~~
    + CategoryInfo          : NotSpecified: (ΓÜá Attempted t...32 application.:String) [], RemoteException
    + FullyQualifiedErrorId : NativeCommandError
 
\\?\E:\luxury-pyramids-hotel\node_modules\@next\swc-win32-x64-msvc\next-swc.win32-x64-msvc.node
Γ£ô Running next.config.ts took 2.1s
  Skipping creating a lockfile at E:\luxury-pyramids-hotel\.next\lock because we're using WASM bindings

  Creating an optimized production build ...
ΓÜá Attempted to load @next/swc-win32-x64-msvc, but an error occurred: 
\\?\E:\luxury-pyramids-hotel\node_modules\@next\swc-win32-x64-msvc\next-swc.win32-x64-msvc.node is not a valid Win32 
application.
\\?\E:\luxury-pyramids-hotel\node_modules\@next\swc-win32-x64-msvc\next-swc.win32-x64-msvc.node
ΓÜá Attempted to load @next/swc-win32-x64-msvc, but an error occurred: 
\\?\E:\luxury-pyramids-hotel\node_modules\@next\swc-win32-x64-msvc\next-swc.win32-x64-msvc.node is not a valid Win32 
application.
\\?\E:\luxury-pyramids-hotel\node_modules\@next\swc-win32-x64-msvc\next-swc.win32-x64-msvc.node
ΓÜá Attempted to load @next/swc-win32-x64-msvc, but an error occurred: 
\\?\E:\luxury-pyramids-hotel\node_modules\@next\swc-win32-x64-msvc\next-swc.win32-x64-msvc.node is not a valid Win32 
application.
\\?\E:\luxury-pyramids-hotel\node_modules\@next\swc-win32-x64-msvc\next-swc.win32-x64-msvc.node
Γ£ô Compiled successfully in 7.7min
  Running TypeScript ...
