
> luxury-pyramids-hotel@0.1.0 build
> next build

Γû▓ Next.js 16.3.1 (Turbopack)
- Environments: .env
  Using cached swc package @next/swc-wasm-nodejs...
npm.cmd : ΓÜá Attempted to load @next/swc-win32-x64-msvc, but an error occurred: 
\\?\E:\luxury-pyramids-hotel\node_modules\@next\swc-win32-x64-msvc\next-swc.win32-x64-msvc.node is not a valid Win32 
application.
At line:1 char:1
+ npm.cmd run build 2>&1 | Out-File "E:\luxury-pyramids-hotel\build.log ...
+ ~~~~~~~~~~~~~~~~~~~~~~
    + CategoryInfo          : NotSpecified: (ΓÜá Attempted t...32 application.:String) [], RemoteException
    + FullyQualifiedErrorId : NativeCommandError
 
\\?\E:\luxury-pyramids-hotel\node_modules\@next\swc-win32-x64-msvc\next-swc.win32-x64-msvc.node
Γ£ô Running next.config.ts took 13.9s
  Skipping creating a lockfile at E:\luxury-pyramids-hotel\.next\lock because we're using WASM bindings

  Creating an optimized production build ...
ΓÜá Attempted to load @next/swc-win32-x64-msvc, but an error occurred: 
\\?\E:\luxury-pyramids-hotel\node_modules\@next\swc-win32-x64-msvc\next-swc.win32-x64-msvc.node is not a valid Win32 
application.
\\?\E:\luxury-pyramids-hotel\node_modules\@next\swc-win32-x64-msvc\next-swc.win32-x64-msvc.node

> Build error occurred
Error: Turbopack is not supported on this platform (win32/x64) because native bindings are not available. Only 
WebAssembly (WASM) bindings were loaded, and Turbopack requires native bindings.

To build on this platform, use Webpack instead:
  next build --webpack

For more information, see: https://nextjs.org/docs/app/api-reference/turbopack#supported-platforms
    at ignore-listed frames
