npx.cmd : warn The configuration property `package.json#prisma` is deprecated and will be removed in Prisma 7. Please 
migrate to a Prisma config file (e.g., `prisma.config.ts`).
At line:1 char:1
+ npx.cmd prisma db push 2>&1 | Out-File "E:\luxury-pyramids-hotel\dbpu ...
+ ~~~~~~~~~~~~~~~~~~~~~~~~~~~
    + CategoryInfo          : NotSpecified: (warn The config...ma.config.ts`).:String) [], RemoteException
    + FullyQualifiedErrorId : NativeCommandError
 
For more information, see: https://pris.ly/prisma-config

Environment variables loaded from .env
Prisma schema loaded from prisma\schema.prisma
Datasource "db": PostgreSQL database "luxury_pyramids_hotel", schema "public" at "localhost:5432"

Your database is now in sync with your Prisma schema. Done in 10.76s

Running generate... (Use --skip-generate to skip the generators)
[2K[1A[2K[GRunning generate... - Prisma Client
[2K[1A[2K[GΓ£ö Generated Prisma Client (v6.19.3) to .\node_modules\@prisma\client in 3.38s
ΓöîΓöÇΓöÇΓöÇΓöÇΓöÇΓöÇΓöÇΓöÇΓöÇΓöÇΓöÇΓöÇΓöÇΓöÇΓöÇΓöÇΓöÇΓöÇΓöÇΓöÇΓöÇΓöÇΓöÇΓöÇΓöÇΓöÇΓöÇΓöÇΓöÇΓöÇΓöÇΓöÇΓöÇΓöÇΓöÇΓöÇΓöÇΓöÇΓö
ÇΓöÇΓöÇΓöÇΓöÇΓöÇΓöÇΓöÇΓöÇΓöÇΓöÇΓöÇΓöÇΓöÇΓöÇΓöÇΓöÇΓöÇΓöÇΓöÉ
Γöé  Update available 6.19.3 -> 7.9.1                       Γöé
Γöé                                                         Γöé
Γöé  This is a major update - please follow the guide at    Γöé
Γöé  https://pris.ly/d/major-version-upgrade                Γöé
Γöé                                                         Γöé
Γöé  Run the following to update                            Γöé
Γöé    npm i --save-dev prisma@latest                       Γöé
Γöé    npm i @prisma/client@latest                          Γöé
ΓööΓöÇΓöÇΓöÇΓöÇΓöÇΓöÇΓöÇΓöÇΓöÇΓöÇΓöÇΓöÇΓöÇΓöÇΓöÇΓöÇΓöÇΓöÇΓöÇΓöÇΓöÇΓöÇΓöÇΓöÇΓöÇΓöÇΓöÇΓöÇΓöÇΓöÇΓöÇΓöÇΓöÇΓöÇΓöÇΓöÇΓöÇΓöÇΓö
ÇΓöÇΓöÇΓöÇΓöÇΓöÇΓöÇΓöÇΓöÇΓöÇΓöÇΓöÇΓöÇΓöÇΓöÇΓöÇΓöÇΓöÇΓöÇΓöÿ

