
added 124 packages, and audited 604 packages in 9m

168 packages are looking for funding
  run `npm fund` for details

3 high severity vulnerabilities

To address all issues, run:
  npm audit fix

Run `npm audit` for details.
npm.cmd : npm warn allow-scripts 4 packages have install scripts not yet covered by allowScripts:
At line:1 char:1
+ npm.cmd install -D prisma tsx @types/bcryptjs @types/three 2>&1 | Out ...
+ ~~~~~~~~~~~~~~~~~~~~~~~~~~~~~~~~~~~~~~~~~~~~~~~~~~~~~~~~~~~~~~~
    + CategoryInfo          : NotSpecified: (npm warn allow-...y allowScripts::String) [], RemoteException
    + FullyQualifiedErrorId : NativeCommandError
 
npm warn allow-scripts   unrs-resolver@1.12.2 (postinstall: node postinstall.js)
npm warn allow-scripts   prisma@7.9.1 (preinstall: node scripts/preinstall-entry.js)
npm warn allow-scripts   @prisma/engines@7.9.1 (postinstall: node scripts/postinstall.js)
npm warn allow-scripts   esbuild@0.28.2 (postinstall: node install.js)
npm warn allow-scripts
npm warn allow-scripts Run `npm approve-scripts --allow-scripts-pending` to review, or `npm approve-scripts <pkg>` to 
allow.
