
changed 23 packages, and audited 517 packages in 6m

158 packages are looking for funding
  run `npm fund` for details

3 high severity vulnerabilities

To address all issues (including breaking changes), run:
  npm audit fix --force

Run `npm audit` for details.
npm.cmd : npm warn allow-scripts 5 packages have install scripts not yet covered by allowScripts:
At line:1 char:1
+ npm.cmd install 2>&1 | Out-File "E:\luxury-pyramids-hotel\repair2.log ...
+ ~~~~~~~~~~~~~~~~~~~~
    + CategoryInfo          : NotSpecified: (npm warn allow-...y allowScripts::String) [], RemoteException
    + FullyQualifiedErrorId : NativeCommandError
 
npm warn allow-scripts   esbuild@0.28.2 (postinstall: node install.js)
npm warn allow-scripts   unrs-resolver@1.12.2 (postinstall: node postinstall.js)
npm warn allow-scripts   @prisma/client@6.19.3 (postinstall: node scripts/postinstall.js)
npm warn allow-scripts   prisma@6.19.3 (preinstall: node scripts/preinstall-entry.js)
npm warn allow-scripts   @prisma/engines@6.19.3 (postinstall: node scripts/postinstall.js)
npm warn allow-scripts
npm warn allow-scripts Run `npm approve-scripts --allow-scripts-pending` to review, or `npm approve-scripts <pkg>` to 
allow.
