
> luxury-pyramids-hotel@0.1.0 typecheck
> tsc --noEmit

src/app/(storefront)/account/bookings/[id]/page.tsx(32,20): error TS2322: Type '{ children: string; className: string; }' is not assignable to type 'IntrinsicAttributes & { children: ReactNode; }'.
  Property 'className' does not exist on type 'IntrinsicAttributes & { children: ReactNode; }'.
src/app/(storefront)/page.tsx(86,36): error TS2345: Argument of type 'Decimal' is not assignable to parameter of type 'string | number'.
src/app/(storefront)/rooms/[slug]/page.tsx(46,32): error TS2345: Argument of type 'Decimal' is not assignable to parameter of type 'string | number'.
src/app/api/admin/rooms/[id]/route.ts(34,52): error TS2339: Property 'errors' does not exist on type 'ZodError<{ name?: string | undefined; nameAr?: string | null | undefined; description?: string | undefined; descriptionAr?: string | null | undefined; sizeSqm?: number | undefined; bedType?: "KING" | ... 4 more ... | undefined; ... 5 more ...; active?: boolean | undefined; }>'.
src/app/api/admin/rooms/route.ts(38,52): error TS2339: Property 'errors' does not exist on type 'ZodError<{ name: string; slug: string; description: string; sizeSqm: number; bedType: "KING" | "QUEEN" | "TWIN" | "DOUBLE" | "SINGLE"; maxGuests: number; pricePerNight: number; currency: "EGP" | ... 4 more ... | "AED"; ... 4 more ...; image?: string | undefined; }>'.
src/components/storefront/room-card.tsx(25,54): error TS2345: Argument of type 'Decimal' is not assignable to parameter of type 'string | number'.
src/lib/i18n/server.ts(15,3): error TS2719: Type '{ readonly dir: "ltr"; readonly nav: { readonly home: "Home"; readonly rooms: "Rooms"; readonly suites: "Suites"; readonly offers: "Offers"; readonly dining: "Dining"; readonly spa: "Spa"; readonly experiences: "Experiences"; ... 7 more ...; readonly reservations: "My Reservations"; }; readonly common: { ...; }; rea...' is not assignable to type '{ readonly dir: "ltr"; readonly nav: { readonly home: "Home"; readonly rooms: "Rooms"; readonly suites: "Suites"; readonly offers: "Offers"; readonly dining: "Dining"; readonly spa: "Spa"; readonly experiences: "Experiences"; ... 7 more ...; readonly reservations: "My Reservations"; }; readonly common: { ...; }; rea...'. Two different types with this name exist, but they are unrelated.
  Type '{ readonly dir: "rtl"; readonly nav: { readonly home: "╪º┘ä╪▒╪ª┘è╪│┘è╪⌐"; readonly rooms: "╪º┘ä╪║╪▒┘ü"; readonly suites: "╪º┘ä╪ú╪¼┘å╪¡╪⌐"; readonly offers: "╪º┘ä╪╣╪▒┘ê╪╢"; readonly dining: "╪º┘ä┘à╪╖╪º╪╣┘à"; readonly spa: "╪º┘ä╪│╪¿╪º"; ... 8 more ...; readonly reservations: "╪¡╪¼┘ê╪▓╪º╪¬┘è"; }; readonly common: { ...; }; readonly home: { ...; }; }' is not assignable to type '{ readonly dir: "ltr"; readonly nav: { readonly home: "Home"; readonly rooms: "Rooms"; readonly suites: "Suites"; readonly offers: "Offers"; readonly dining: "Dining"; readonly spa: "Spa"; readonly experiences: "Experiences"; ... 7 more ...; readonly reservations: "My Reservations"; }; readonly common: { ...; }; rea...'.
    Types of property 'dir' are incompatible.
      Type '"rtl"' is not assignable to type '"ltr"'.
src/services/auth.service.ts(17,54): error TS2339: Property 'errors' does not exist on type 'ZodError<{ name: string; email: string; password: string; }>'.
src/services/auth.service.ts(40,54): error TS2339: Property 'errors' does not exist on type 'ZodError<{ email: string; password: string; }>'.
src/services/availability.service.ts(72,52): error TS2353: Object literal may only specify known properties, and 'quantity' does not exist in type 'BookingSelect<DefaultArgs>'.
src/services/availability.service.ts(78,26): error TS2339: Property 'items' does not exist on type '{ id: string; currency: Currency; createdAt: Date; updatedAt: Date; status: BookingStatus; userId: string | null; bookingRef: string; guestName: string; ... 14 more ...; amountDue: Decimal; }'.
src/services/availability.service.ts(79,81): error TS2339: Property 'quantity' does not exist on type '{ id: string; currency: Currency; createdAt: Date; updatedAt: Date; status: BookingStatus; userId: string | null; bookingRef: string; guestName: string; ... 14 more ...; amountDue: Decimal; }'.
src/services/booking.service.ts(28,54): error TS2339: Property 'errors' does not exist on type 'ZodError<{ checkIn: string; checkOut: string; roomIds: string[]; adults: number; children: number; guestName: string; guestEmail: string; guestPhone?: string | undefined; guestAddress?: string | undefined; specialRequests?: string | undefined; }>'.
