Vercel CLI 59.1.3 (Node.js 24.19.0)
Deploying luxury-pyramids-view-hotel
Uploading [--------------------] (0.0B/716.9KB)
Uploading [=====---------------] (180.3KB/716.9KB)
Uploading [==========----------] (366.3KB/716.9KB)
Uploading [===============-----] (547.5KB/716.9KB)
Uploading [====================] (716.9KB/716.9KB)
  Inspect         https://vercel.com/astavjjj1/luxury-pyramids-view-hotel/9so43i5pG9nqfWoiqLTY62vFvPcM
  Production      https://luxury-pyramids-view-hotel-o8ht8ntbh-astavjjj1.vercel.app
Building…
Building…
Running build in Washington, D.C., USA (East) – iad1
Build machine configuration: 2 cores, 8 GB
Retrieving list of deployment files...
Previous build caches not available.
Downloading 133 deployment files...
Running "vercel build"
Vercel CLI 59.1.4
Installing dependencies...
added 517 packages in 25s
159 packages are looking for funding
run `npm fund` for details
npm warn allow-scripts 5 packages have install scripts not yet covered by allowScripts:
npm warn allow-scripts   @prisma/client@6.19.3 (postinstall: node scripts/postinstall.js)
npm warn allow-scripts   @prisma/engines@6.19.3 (postinstall: node scripts/postinstall.js)
npm warn allow-scripts   esbuild@0.28.2 (postinstall: node install.js)
npm warn allow-scripts   prisma@6.19.3 (preinstall: node scripts/preinstall-entry.js)
npm warn allow-scripts   unrs-resolver@1.12.2 (postinstall: node postinstall.js)
npm warn allow-scripts
npm warn allow-scripts Run `npm approve-scripts --allow-scripts-pending` to review, or `npm approve-scripts <pkg>` to allow.
Detected Next.js version: 16.3.1
Running "npm run build"
> luxury-pyramids-hotel@0.1.0 build
> next build
▲ Next.js 16.3.1 (Turbopack)
- Environments: .env
Applying modifyConfig from Vercel
✓ Running next.config.ts took 1184ms
Attention: Next.js now collects completely anonymous telemetry regarding usage.
This information is used to shape Next.js' roadmap and prioritize features.
You can learn more, including how to opt-out if you'd not like to participate in this anonymous program, by visiting the following URL:
https://nextjs.org/telemetry
Creating an optimized production build ...
✓ Compiled successfully in 9.0s
Running TypeScript ...
Finished TypeScript in 5.9s ...
Collecting page data using 1 worker ...
Generating static pages using 1 worker (0/29) ...
Generating static pages using 1 worker (7/29)
Generating static pages using 1 worker (14/29)
Generating static pages using 1 worker (21/29)
✓ Generating static pages using 1 worker (29/29) in 330ms
Finalizing page optimization ...
Running onBuildComplete from Vercel
Detected .env file, it is strongly recommended to use Vercel's env handling instead
Route (app)                     Revalidate  Expire
┌ ƒ /
├ ƒ /_not-found
├ ƒ /about
├ ƒ /account
├ ƒ /account/bookings/[id]
├ ƒ /admin
├ ƒ /admin/bookings
├ ƒ /admin/bookings/[id]
├ ƒ /admin/login
├ ƒ /admin/rooms
├ ƒ /admin/rooms/[id]/edit
├ ƒ /admin/rooms/new
├ ƒ /api/admin/bookings
├ ƒ /api/admin/bookings/[id]
├ ƒ /api/admin/login
├ ƒ /api/admin/logout
├ ƒ /api/admin/rooms
├ ƒ /api/admin/rooms/[id]
├ ƒ /api/auth/login
├ ƒ /api/auth/logout
├ ƒ /api/auth/register
├ ƒ /api/booking
├ ƒ /api/booking/availability
├ ƒ /api/locale
├ ƒ /auth/login
├ ƒ /auth/register
├ ƒ /booking
├ ƒ /booking/checkout
├ ƒ /booking/confirmation/[id]
├ ƒ /cancellation-policy
├ ƒ /contact
├ ƒ /dining
├ ƒ /experiences
├ ƒ /gallery
├ ƒ /location
├ ƒ /offers
├ ƒ /privacy
├ ○ /robots.txt
├ ƒ /rooms
├ ƒ /rooms/[slug]
├ ○ /sitemap.xml                        1h      1y
├ ƒ /spa
├ ƒ /suites
└ ƒ /terms
○  (Static)   prerendered as static content
ƒ  (Dynamic)  server-rendered on demand
Build Completed in /vercel/output [45s]
Deploying outputs...
[2K[1A[2K[G  Production      https://luxury-pyramids-view-hotel-o8ht8ntbh-astavjjj1.vercel.app
Completing…
▲ Aliased         https://luxury-pyramids-view-hotel.vercel.app
